8117B
AEC7A
83B96
A8403
EC7EA

0,0
4,4
